<?xml version="1.0" encoding="UTF-8"?>
<testsuites name="jest tests" tests="2" failures="0" errors="0" time="3.486">
  <testsuite name=":: MyComponent" errors="0" failures="0" skipped="0" timestamp="2022-03-29T20:25:51" time="2.27" tests="2">
    <testcase classname=":: MyComponent Should render the component" name=":: MyComponent Should render the component" time="0.022">
    </testcase>
    <testcase classname=":: MyComponent Should render given text" name=":: MyComponent Should render given text" time="0.007">
    </testcase>
  </testsuite>
</testsuites>